current directory: /rails/vendor/bundle/ruby/3.2.0/gems/bigdecimal-3.2.3/ext/bigdecimal
/usr/local/bin/ruby extconf.rb
checking for __builtin_clz()... *** extconf.rb failed ***
Could not create Makefile due to some reason, probably lack of necessary
libraries and/or headers.  Check the mkmf.log file for more details.  You may
need configuration options.

Provided configuration options:
	--with-opt-dir
	--without-opt-dir
	--with-opt-include
	--without-opt-include=${opt-dir}/include
	--with-opt-lib
	--without-opt-lib=${opt-dir}/lib
	--with-make-prog
	--without-make-prog
	--srcdir=.
	--curdir
	--ruby=/usr/local/bin/$(RUBY_BASE_NAME)
/usr/local/lib/ruby/3.2.0/mkmf.rb:490:in `try_do': The compiler failed to generate an executable file. (RuntimeError)
You have to install development tools first.

	from /usr/local/lib/ruby/3.2.0/mkmf.rb:616:in `block in try_compile'
	from /usr/local/lib/ruby/3.2.0/mkmf.rb:565:in `with_werror'
	from /usr/local/lib/ruby/3.2.0/mkmf.rb:616:in `try_compile'
	from extconf.rb:6:in `block in have_builtin_func'
	from /usr/local/lib/ruby/3.2.0/mkmf.rb:989:in `block in checking_for'
	from /usr/local/lib/ruby/3.2.0/mkmf.rb:354:in `block (2 levels) in postpone'
	from /usr/local/lib/ruby/3.2.0/mkmf.rb:324:in `open'
	from /usr/local/lib/ruby/3.2.0/mkmf.rb:354:in `block in postpone'
	from /usr/local/lib/ruby/3.2.0/mkmf.rb:324:in `open'
	from /usr/local/lib/ruby/3.2.0/mkmf.rb:350:in `postpone'
	from /usr/local/lib/ruby/3.2.0/mkmf.rb:988:in `checking_for'
	from extconf.rb:5:in `have_builtin_func'
	from extconf.rb:18:in `<main>'

To see why this extension failed to compile, please check the mkmf.log which can be found here:

  /rails/vendor/bundle/ruby/3.2.0/extensions/x86_64-linux/3.2.0/bigdecimal-3.2.3/mkmf.log

extconf failed, exit code 1
