current directory: /rails/vendor/bundle/ruby/3.2.0/gems/puma-7.0.4/ext/puma_http11
/usr/local/bin/ruby extconf.rb
checking for BIO_read() in -llibcrypto... *** extconf.rb failed ***
Could not create Makefile due to some reason, probably lack of necessary
libraries and/or headers.  Check the mkmf.log file for more details.  You may
need configuration options.

Provided configuration options:
	--with-opt-dir
	--without-opt-dir
	--with-opt-include
	--without-opt-include=${opt-dir}/include
	--with-opt-lib
	--without-opt-lib=${opt-dir}/lib
	--with-make-prog
	--without-make-prog
	--srcdir=.
	--curdir
	--ruby=/usr/local/bin/$(RUBY_BASE_NAME)
	--with-puma_http11-dir
	--without-puma_http11-dir
	--with-puma_http11-include
	--without-puma_http11-include=${puma_http11-dir}/include
	--with-puma_http11-lib
	--without-puma_http11-lib=${puma_http11-dir}/lib
	--with-openssl-dir
	--without-openssl-dir
	--with-openssl-include
	--without-openssl-include=${openssl-dir}/include
	--with-openssl-lib
	--without-openssl-lib=${openssl-dir}/lib
	--with-openssl-config
	--without-openssl-config
	--with-pkg-config
	--without-pkg-config
	--with-libcrypto-dir
	--without-libcrypto-dir
	--with-libcrypto-include
	--without-libcrypto-include=${libcrypto-dir}/include
	--with-libcrypto-lib
	--without-libcrypto-lib=${libcrypto-dir}/lib
	--with-libcryptolib
	--without-libcryptolib
/usr/local/lib/ruby/3.2.0/mkmf.rb:490:in `try_do': The compiler failed to generate an executable file. (RuntimeError)
You have to install development tools first.

	from /usr/local/lib/ruby/3.2.0/mkmf.rb:583:in `try_link0'
	from /usr/local/lib/ruby/3.2.0/mkmf.rb:601:in `try_link'
	from /usr/local/lib/ruby/3.2.0/mkmf.rb:812:in `try_func'
	from /usr/local/lib/ruby/3.2.0/mkmf.rb:1062:in `block in have_library'
	from /usr/local/lib/ruby/3.2.0/mkmf.rb:989:in `block in checking_for'
	from /usr/local/lib/ruby/3.2.0/mkmf.rb:354:in `block (2 levels) in postpone'
	from /usr/local/lib/ruby/3.2.0/mkmf.rb:324:in `open'
	from /usr/local/lib/ruby/3.2.0/mkmf.rb:354:in `block in postpone'
	from /usr/local/lib/ruby/3.2.0/mkmf.rb:324:in `open'
	from /usr/local/lib/ruby/3.2.0/mkmf.rb:350:in `postpone'
	from /usr/local/lib/ruby/3.2.0/mkmf.rb:988:in `checking_for'
	from /usr/local/lib/ruby/3.2.0/mkmf.rb:1057:in `have_library'
	from extconf.rb:21:in `<main>'

To see why this extension failed to compile, please check the mkmf.log which can be found here:

  /rails/vendor/bundle/ruby/3.2.0/extensions/x86_64-linux/3.2.0/puma-7.0.4/mkmf.log

extconf failed, exit code 1
